// Jest Snapshot v1, https://goo.gl/fbAQLP

exports[`AddContactWindow, root version Should match snapshot when active 1`] = `
<Component
  addContact={[MockFunction]}
  close={[MockFunction]}
  contacts={Array []}
/>
`;

exports[`AddContactWindow, root version Should match snapshot when not active 1`] = `""`;
