// Jest Snapshot v1, https://goo.gl/fbAQLP

exports[`ContactWindow, root version Should match snapshot when active 1`] = `
<Component
  call={[MockFunction]}
  callsHistory={Object {}}
  close={[MockFunction]}
  contacts={
    Array [
      Object {
        "id": 1,
        "img": "/user.svg",
        "name": "name",
        "phone": "+380927163543",
      },
    ]
  }
  fetchCallsHistory={[MockFunction]}
  id={1}
  remove={[MockFunction]}
  toggleEditWindow={[MockFunction]}
/>
`;

exports[`ContactWindow, root version Should match snapshot when not active 1`] = `""`;
